{
    "check bitmap equivalence with checksums": {
        "content": [
            [
                "C4CDF6ACAAF9B1889B085C9405103FC1"
            ]
        ],
        "meta": {
            "nf-test": "0.9.2",
            "nextflow": "24.10.5"
        },
        "timestamp": "2025-03-25T14:43:37.085259518"
    }
}